{
    "annotation": {
        "content": [
            [
                "Annotation/MetaEuk/MEGAHIT/MEGAHIT-MetaBAT2Refined-test_minigut.1/MEGAHIT-MetaBAT2Refined-test_minigut.1.codon.fas",
                "Annotation/MetaEuk/MEGAHIT/MEGAHIT-MetaBAT2Refined-test_minigut.1/MEGAHIT-MetaBAT2Refined-test_minigut.1.fas",
                "Annotation/MetaEuk/MEGAHIT/MEGAHIT-MetaBAT2Refined-test_minigut.1/MEGAHIT-MetaBAT2Refined-test_minigut.1.gff",
                "Annotation/MetaEuk/MEGAHIT/MEGAHIT-MetaBAT2Refined-test_minigut.1/MEGAHIT-MetaBAT2Refined-test_minigut.1.headersMap.tsv",
                "Annotation/MetaEuk/MEGAHIT/MEGAHIT-MetaBAT2Refined-test_minigut.2/MEGAHIT-MetaBAT2Refined-test_minigut.2.codon.fas",
                "Annotation/MetaEuk/MEGAHIT/MEGAHIT-MetaBAT2Refined-test_minigut.2/MEGAHIT-MetaBAT2Refined-test_minigut.2.fas",
                "Annotation/MetaEuk/MEGAHIT/MEGAHIT-MetaBAT2Refined-test_minigut.2/MEGAHIT-MetaBAT2Refined-test_minigut.2.gff",
                "Annotation/MetaEuk/MEGAHIT/MEGAHIT-MetaBAT2Refined-test_minigut.2/MEGAHIT-MetaBAT2Refined-test_minigut.2.headersMap.tsv",
                "Annotation/MetaEuk/SPAdes/SPAdes-CONCOCTRefined-test_minigut.7/SPAdes-CONCOCTRefined-test_minigut.7.codon.fas",
                "Annotation/MetaEuk/SPAdes/SPAdes-CONCOCTRefined-test_minigut.7/SPAdes-CONCOCTRefined-test_minigut.7.fas",
                "Annotation/MetaEuk/SPAdes/SPAdes-CONCOCTRefined-test_minigut.7/SPAdes-CONCOCTRefined-test_minigut.7.gff",
                "Annotation/MetaEuk/SPAdes/SPAdes-CONCOCTRefined-test_minigut.7/SPAdes-CONCOCTRefined-test_minigut.7.headersMap.tsv",
                "Annotation/MetaEuk/SPAdes/SPAdes-MaxBin2Refined-test_minigut.001_sub/SPAdes-MaxBin2Refined-test_minigut.001_sub.codon.fas",
                "Annotation/MetaEuk/SPAdes/SPAdes-MaxBin2Refined-test_minigut.001_sub/SPAdes-MaxBin2Refined-test_minigut.001_sub.fas",
                "Annotation/MetaEuk/SPAdes/SPAdes-MaxBin2Refined-test_minigut.001_sub/SPAdes-MaxBin2Refined-test_minigut.001_sub.gff",
                "Annotation/MetaEuk/SPAdes/SPAdes-MaxBin2Refined-test_minigut.001_sub/SPAdes-MaxBin2Refined-test_minigut.001_sub.headersMap.tsv"
            ],
            [
                "MEGAHIT-MetaBAT2Refined-test_minigut.1.codon.fas:md5,2673baeaf4a703788ff7f47c8056b2b1",
                "MEGAHIT-MetaBAT2Refined-test_minigut.1.fas:md5,10982aa90ee5a85c0050cf1d53e85676",
                "MEGAHIT-MetaBAT2Refined-test_minigut.1.gff:md5,b3f64ebfaed51b37fa59c4147646726d",
                "MEGAHIT-MetaBAT2Refined-test_minigut.1.headersMap.tsv:md5,fc2ccc456268b54132305922bfa40814",
                "MEGAHIT-MetaBAT2Refined-test_minigut.2.codon.fas:md5,23a8eaed596fc74f655176bc7d18b02e",
                "MEGAHIT-MetaBAT2Refined-test_minigut.2.fas:md5,43b5014068f000ffb77e9df8e4f29b20",
                "MEGAHIT-MetaBAT2Refined-test_minigut.2.gff:md5,e057c465865595a145c503356c732317",
                "MEGAHIT-MetaBAT2Refined-test_minigut.2.headersMap.tsv:md5,f27230ebd41e05c7973cbfcd17d6e986",
                "SPAdes-CONCOCTRefined-test_minigut.7.codon.fas:md5,3e95d219a34e3c022cb0ca0c8d5f9572",
                "SPAdes-CONCOCTRefined-test_minigut.7.fas:md5,2a15f82087773b65b81957350739af31",
                "SPAdes-CONCOCTRefined-test_minigut.7.gff:md5,86dbe64ad2e66bfbe9a338da829feb8c",
                "SPAdes-CONCOCTRefined-test_minigut.7.headersMap.tsv:md5,c0b352ac3c18cdf85fa404c83c336bc2",
                "SPAdes-MaxBin2Refined-test_minigut.001_sub.codon.fas:md5,9232a9a9e40803fdcadf716c5a23d40c",
                "SPAdes-MaxBin2Refined-test_minigut.001_sub.fas:md5,bd94a0b40407a8b2484e86c26fa74e18",
                "SPAdes-MaxBin2Refined-test_minigut.001_sub.gff:md5,dfc79ffc6afa9d058b4ee00cb512b51c",
                "SPAdes-MaxBin2Refined-test_minigut.001_sub.headersMap.tsv:md5,585bcdc995e509c02716c02d63b66233"
            ]
        ],
        "meta": {
            "nf-test": "0.9.2",
            "nextflow": "25.10.0"
        },
        "timestamp": "2025-11-03T13:09:25.823958732"
    },
    "assembly": {
        "content": [
            [
                "Assembly/MEGAHIT/QC/test_minigut/MEGAHIT-test_minigut-test_minigut_sample2.bowtie2.log",
                "Assembly/MEGAHIT/QC/test_minigut/MEGAHIT-test_minigut.bowtie2.log",
                "Assembly/MEGAHIT/QC/test_minigut_sample2/MEGAHIT-test_minigut_sample2-test_minigut.bowtie2.log",
                "Assembly/MEGAHIT/QC/test_minigut_sample2/MEGAHIT-test_minigut_sample2.bowtie2.log",
                "Assembly/SPAdes/QC/test_minigut/SPAdes-test_minigut-test_minigut_sample2.bowtie2.log",
                "Assembly/SPAdes/QC/test_minigut/SPAdes-test_minigut.bowtie2.log",
                "Assembly/SPAdes/QC/test_minigut_sample2/SPAdes-test_minigut_sample2-test_minigut.bowtie2.log",
                "Assembly/SPAdes/QC/test_minigut_sample2/SPAdes-test_minigut_sample2.bowtie2.log"
            ]
        ],
        "meta": {
            "nf-test": "0.9.2",
            "nextflow": "25.10.0"
        },
        "timestamp": "2025-11-03T13:09:25.820313196"
    },
    "-profile assembly_input": {
        "content": [
            193,
            {
                "ADJUST_MAXBIN2_EXT": {
                    "coreutils": 9.5
                },
                "BIN_SUMMARY": {
                    "python": "3.10.6",
                    "pandas": "1.4.3"
                },
                "BOWTIE2_ASSEMBLY_ALIGN": {
                    "bowtie2": "2.4.2",
                    "samtools": 1.11,
                    "pigz": "2.3.4"
                },
                "BOWTIE2_ASSEMBLY_BUILD": {
                    "bowtie2": "2.4.2"
                },
                "BUSCO_BUSCO": {
                    "busco": "6.0.0"
                },
                "BUSCO_UNTAR": {
                    "untar": 1.34
                },
                "CONCAT_BUSCO_TSV": {
                    "csvtk": "0.31.0"
                },
                "CONCOCT_CONCOCT": {
                    "concoct": "1.1.0"
                },
                "CONCOCT_CONCOCTCOVERAGETABLE": {
                    "concoct": "1.1.0"
                },
                "CONCOCT_CUTUPFASTA": {
                    "concoct": "1.1.0"
                },
                "CONCOCT_EXTRACTFASTABINS": {
                    "concoct": "1.1.0"
                },
                "CONCOCT_MERGECUTUPCLUSTERING": {
                    "concoct": "1.1.0"
                },
                "CONVERT_DEPTHS": {
                    "bioawk": 20110810
                },
                "DASTOOL_DASTOOL": {
                    "dastool": "1.1.7"
                },
                "DASTOOL_FASTATOCONTIG2BIN_CONCOCT": {
                    "dastool": "1.1.7"
                },
                "DASTOOL_FASTATOCONTIG2BIN_MAXBIN2": {
                    "dastool": "1.1.7"
                },
                "DASTOOL_FASTATOCONTIG2BIN_METABAT2": {
                    "dastool": "1.1.7"
                },
                "GUNZIP_ASSEMBLYINPUT": {
                    "gunzip": 1.13
                },
                "GUNZIP_BINS": {
                    "gunzip": 1.13
                },
                "MAG_DEPTHS": {
                    "python": "3.6.7",
                    "pandas": "1.1.5"
                },
                "MAG_DEPTHS_PLOT": {
                    "python": "3.9.6",
                    "pandas": "1.3.0",
                    "seaborn": "0.11.0"
                },
                "MAG_DEPTHS_SUMMARY": {
                    "python": "3.10.6",
                    "pandas": "1.4.3"
                },
                "MAXBIN2": {
                    "maxbin2": "2.2.7"
                },
                "METABAT2_JGISUMMARIZEBAMCONTIGDEPTHS_SHORTREAD": {
                    "metabat2": 2.15
                },
                "METABAT2_METABAT2": {
                    "metabat2": 2.17
                },
                "METAEUK_EASYPREDICT": {
                    "metaeuk": "6.a5d39d9"
                },
                "MMSEQS_DATABASES": {
                    "mmseqs": "17.b804f"
                },
                "RENAME_POSTDASTOOL": {
                    "coreutils": 9.5
                },
                "RENAME_PREDASTOOL": {
                    "coreutils": 9.5
                },
                "SEQKIT_STATS": {
                    "seqkit": "2.9.0"
                },
                "SPLIT_FASTA": {
                    "python": "3.6.7",
                    "biopython": "1.7.4",
                    "pandas": "1.1.5"
                },
                "Workflow": {
                    "nf-core/mag": "v5.3.0dev"
                }
            }
        ],
        "meta": {
            "nf-test": "0.9.3",
            "nextflow": "25.10.0"
        },
        "timestamp": "2025-11-07T11:45:58.97465185"
    },
    "multiqc": {
        "content": [
            [
                "multiqc/multiqc_data/bowtie2_pe_plot.yaml",
                "multiqc/multiqc_data/busco_plot_bacteria_odb10.yaml",
                "multiqc/multiqc_data/llms-full.txt",
                "multiqc/multiqc_data/multiqc.log",
                "multiqc/multiqc_data/multiqc.parquet",
                "multiqc/multiqc_data/multiqc_bowtie2_bowtie2-2.yaml",
                "multiqc/multiqc_data/multiqc_busco.yaml",
                "multiqc/multiqc_data/multiqc_citations.yaml",
                "multiqc/multiqc_data/multiqc_data.json",
                "multiqc/multiqc_data/multiqc_general_stats.yaml",
                "multiqc/multiqc_data/multiqc_software_versions.yaml",
                "multiqc/multiqc_data/multiqc_sources.yaml",
                "multiqc/multiqc_plots/pdf/bowtie2_pe_plot-cnt.pdf",
                "multiqc/multiqc_plots/pdf/bowtie2_pe_plot-pct.pdf",
                "multiqc/multiqc_plots/pdf/busco_plot_bacteria_odb10-cnt.pdf",
                "multiqc/multiqc_plots/pdf/busco_plot_bacteria_odb10-pct.pdf",
                "multiqc/multiqc_plots/png/bowtie2_pe_plot-cnt.png",
                "multiqc/multiqc_plots/png/bowtie2_pe_plot-pct.png",
                "multiqc/multiqc_plots/png/busco_plot_bacteria_odb10-cnt.png",
                "multiqc/multiqc_plots/png/busco_plot_bacteria_odb10-pct.png",
                "multiqc/multiqc_plots/svg/bowtie2_pe_plot-cnt.svg",
                "multiqc/multiqc_plots/svg/bowtie2_pe_plot-pct.svg",
                "multiqc/multiqc_plots/svg/busco_plot_bacteria_odb10-cnt.svg",
                "multiqc/multiqc_plots/svg/busco_plot_bacteria_odb10-pct.svg",
                "multiqc/multiqc_report.html"
            ],
            [
                "bowtie2_pe_plot.yaml:md5,d47c21d3c14102edf43e36521aa3fcf6",
                "busco_plot_bacteria_odb10.yaml:md5,7f5685578d237300ffde11c05693f754",
                "multiqc_bowtie2_bowtie2-2.yaml:md5,34efd9a91ede5c3d7150b8de2f4c20f0",
                "multiqc_busco.yaml:md5,bd57c1b4856b5536bf89d54b2d8cd807",
                "multiqc_citations.yaml:md5,4aaa7714bb3dba1dd50f383c2ae4f4bb",
                "multiqc_general_stats.yaml:md5,72e40481d31afb109adb0908b18d8758"
            ]
        ],
        "meta": {
            "nf-test": "0.9.2",
            "nextflow": "25.10.0"
        },
        "timestamp": "2025-11-03T13:09:26.024757138"
    }
}